c:\users\green\documents\github\retro-adventure-engine\x64\debug\retro-adventure-engine.bsc
c:\users\green\documents\github\retro-adventure-engine\gecproject\x64\debug\vc145.pdb
c:\users\green\documents\github\retro-adventure-engine\gecproject\x64\debug\vc145.idb
c:\users\green\documents\github\retro-adventure-engine\gecproject\x64\debug\character.sbr
c:\users\green\documents\github\retro-adventure-engine\gecproject\x64\debug\entity.sbr
c:\users\green\documents\github\retro-adventure-engine\gecproject\x64\debug\physicsentity.sbr
c:\users\green\documents\github\retro-adventure-engine\gecproject\x64\debug\copterenemy.sbr
c:\users\green\documents\github\retro-adventure-engine\gecproject\x64\debug\octtoenemy.sbr
c:\users\green\documents\github\retro-adventure-engine\gecproject\x64\debug\player.sbr
c:\users\green\documents\github\retro-adventure-engine\gecproject\x64\debug\projectile.sbr
c:\users\green\documents\github\retro-adventure-engine\gecproject\x64\debug\sword.sbr
c:\users\green\documents\github\retro-adventure-engine\gecproject\x64\debug\animation.sbr
c:\users\green\documents\github\retro-adventure-engine\gecproject\x64\debug\graphicssystem.sbr
c:\users\green\documents\github\retro-adventure-engine\gecproject\x64\debug\tilemap.sbr
c:\users\green\documents\github\retro-adventure-engine\gecproject\x64\debug\imgui-sfml.sbr
c:\users\green\documents\github\retro-adventure-engine\gecproject\x64\debug\imgui.sbr
c:\users\green\documents\github\retro-adventure-engine\gecproject\x64\debug\imgui_draw.sbr
c:\users\green\documents\github\retro-adventure-engine\gecproject\x64\debug\imgui_tables.sbr
c:\users\green\documents\github\retro-adventure-engine\gecproject\x64\debug\imgui_widgets.sbr
c:\users\green\documents\github\retro-adventure-engine\gecproject\x64\debug\main.sbr
c:\users\green\documents\github\retro-adventure-engine\gecproject\x64\debug\pugixml.sbr
c:\users\green\documents\github\retro-adventure-engine\gecproject\x64\debug\redirectcout.sbr
c:\users\green\documents\github\retro-adventure-engine\gecproject\x64\debug\inputsystem.sbr
c:\users\green\documents\github\retro-adventure-engine\gecproject\x64\debug\inputsystem.obj
c:\users\green\documents\github\retro-adventure-engine\gecproject\x64\debug\redirectcout.obj
c:\users\green\documents\github\retro-adventure-engine\gecproject\x64\debug\pugixml.obj
c:\users\green\documents\github\retro-adventure-engine\gecproject\x64\debug\main.obj
c:\users\green\documents\github\retro-adventure-engine\gecproject\x64\debug\imgui_widgets.obj
c:\users\green\documents\github\retro-adventure-engine\gecproject\x64\debug\imgui_tables.obj
c:\users\green\documents\github\retro-adventure-engine\gecproject\x64\debug\imgui_draw.obj
c:\users\green\documents\github\retro-adventure-engine\gecproject\x64\debug\imgui.obj
c:\users\green\documents\github\retro-adventure-engine\gecproject\x64\debug\imgui-sfml.obj
c:\users\green\documents\github\retro-adventure-engine\gecproject\x64\debug\tilemap.obj
c:\users\green\documents\github\retro-adventure-engine\gecproject\x64\debug\graphicssystem.obj
c:\users\green\documents\github\retro-adventure-engine\gecproject\x64\debug\animation.obj
c:\users\green\documents\github\retro-adventure-engine\gecproject\x64\debug\sword.obj
c:\users\green\documents\github\retro-adventure-engine\gecproject\x64\debug\projectile.obj
c:\users\green\documents\github\retro-adventure-engine\gecproject\x64\debug\player.obj
c:\users\green\documents\github\retro-adventure-engine\gecproject\x64\debug\octtoenemy.obj
c:\users\green\documents\github\retro-adventure-engine\gecproject\x64\debug\copterenemy.obj
c:\users\green\documents\github\retro-adventure-engine\gecproject\x64\debug\physicsentity.obj
c:\users\green\documents\github\retro-adventure-engine\gecproject\x64\debug\entity.obj
c:\users\green\documents\github\retro-adventure-engine\gecproject\x64\debug\character.obj
c:\users\green\documents\github\retro-adventure-engine\gecproject\x64\debug\collisionmask.sbr
c:\users\green\documents\github\retro-adventure-engine\gecproject\x64\debug\myvector.sbr
c:\users\green\documents\github\retro-adventure-engine\gecproject\x64\debug\worldsystem.sbr
c:\users\green\documents\github\retro-adventure-engine\gecproject\x64\debug\soundsystem.sbr
c:\users\green\documents\github\retro-adventure-engine\gecproject\x64\debug\soundsystem.obj
c:\users\green\documents\github\retro-adventure-engine\gecproject\x64\debug\worldsystem.obj
c:\users\green\documents\github\retro-adventure-engine\gecproject\x64\debug\myvector.obj
c:\users\green\documents\github\retro-adventure-engine\gecproject\x64\debug\collisionmask.obj
c:\users\green\documents\github\retro-adventure-engine\x64\debug\retro-adventure-engine.exe
c:\users\green\documents\github\retro-adventure-engine\x64\debug\retro-adventure-engine.pdb
c:\users\green\documents\github\retro-adventure-engine\gecproject\x64\debug\retro-adventure-engine.ilk
c:\users\green\documents\github\retro-adventure-engine\gecproject\x64\debug\retro-ad.e73a4d36.tlog\bscmake.command.1.tlog
c:\users\green\documents\github\retro-adventure-engine\gecproject\x64\debug\retro-ad.e73a4d36.tlog\bscmake.read.1.tlog
c:\users\green\documents\github\retro-adventure-engine\gecproject\x64\debug\retro-ad.e73a4d36.tlog\bscmake.write.1.tlog
c:\users\green\documents\github\retro-adventure-engine\gecproject\x64\debug\retro-ad.e73a4d36.tlog\cl.command.1.tlog
c:\users\green\documents\github\retro-adventure-engine\gecproject\x64\debug\retro-ad.e73a4d36.tlog\cl.items.tlog
c:\users\green\documents\github\retro-adventure-engine\gecproject\x64\debug\retro-ad.e73a4d36.tlog\cl.read.1.tlog
c:\users\green\documents\github\retro-adventure-engine\gecproject\x64\debug\retro-ad.e73a4d36.tlog\cl.write.1.tlog
c:\users\green\documents\github\retro-adventure-engine\gecproject\x64\debug\retro-ad.e73a4d36.tlog\link.command.1.tlog
c:\users\green\documents\github\retro-adventure-engine\gecproject\x64\debug\retro-ad.e73a4d36.tlog\link.read.1.tlog
c:\users\green\documents\github\retro-adventure-engine\gecproject\x64\debug\retro-ad.e73a4d36.tlog\link.secondary.1.tlog
c:\users\green\documents\github\retro-adventure-engine\gecproject\x64\debug\retro-ad.e73a4d36.tlog\link.write.1.tlog
